#./src/main/resources/Entities.map
#Mon Sep 02 21:53:24 CEST 2019
presentation1=478
creditCard2=467
creditCard1=466
tutorial3=474
message3=484
tutorial2=473
message2=483
tutorial1=472
message1=482
cameraReadyPaper2=492
cameraReadyPaper1=491
activityComment3=495
activityComment2=494
activityComment1=493
section3=498
section2=497
section1=496
registration3=487
registration2=486
administrator3=452
registration1=485
administrator2=451
administrator1=450
userAccount9=449
userAccount8=448
customisation=481
userAccount7=447
userAccount6=446
userAccount5=445
userAccount4=444
userAccount3=443
reviewer3=458
userAccount2=442
reviewer2=457
userAccount1=441
conference4=462
reviewer1=456
submission3=490
conference3=461
submission2=489
conference2=460
submission1=488
paper3=465
conference1=459
paper2=464
paper1=463
conferenceComment3=471
conferenceComment2=470
conferenceComment1=469
panel3=477
panel2=476
panel1=475
author3=455
presentation3=480
author2=454
presentation2=479
creditCard3=468
author1=453
